// Jest Snapshot v1, https://goo.gl/fbAQLP

exports[`./components/Avatar matches snapshot 1`] = `
<div>
  
</div>
`;
